// Jest Snapshot v1, https://goo.gl/fbAQLP

exports[`TransactionSuccessful should render 1`] = `
<DocumentFragment>
  <section
    class="space-y-8"
    data-testid="TransactionSuccessful"
  >
    <div>
      <h1
        class="mb-0"
      >
        Transaction Successful
      </h1>
      <div
        class="grid grid-flow-row gap-2"
      >
        <div
          class="w-full my-10"
        >
          <svg
            class="w-full"
          >
            transaction_successful.svg
          </svg>
        </div>
        <p
          class="mb-4 text-theme-neutral-dark"
        >
          Your transaction was successfully sent. Please monitor the blockchain to ensure your transaction is confirmed and processed. The following is relevant information for your transaction:
        </p>
        <div
          class="flex items-center py-6 true "
        >
          <div
            class="flex-1 space-y-2"
          >
            <div
              class="text-sm font-semibold text-theme-neutral"
            >
              ID
            </div>
            <div
              class="font-semibold"
            >
              <div
                class="flex items-center"
              >
                <div
                  class="inline-block cursor-pointer"
                  data-testid="clipboard__wrapper"
                >
                  <div
                    class="inline-block truncate align-middle"
                  >
                    <span
                      class="sc-AxjAm StDqN text-theme-primary font-semibold text-base"
                      data-testid="address__wallet-address"
                    >
                      AUexKjGtgsSpVz…MM6vJ6znEVTQWK
                    </span>
                  </div>
                </div>
                <div
                  class="mb-1 ml-5 text-theme-primary-300"
                >
                  <div
                    class="sc-AxiKw dzBdqj"
                    height="1em"
                    width="1em"
                  >
                    <svg>
                      copy.svg
                    </svg>
                  </div>
                </div>
              </div>
            </div>
          </div>
        </div>
        <div
          class="flex items-center py-6 border-t border-dashed border-theme-neutral-300 "
        >
          <div
            class="flex-1 space-y-2"
          >
            <div
              class="text-sm font-semibold text-theme-neutral"
            >
              Block ID
            </div>
            <div
              class="font-semibold"
            >
              <div
                class="flex items-center"
              >
                <div
                  class="inline-block cursor-pointer"
                  data-testid="clipboard__wrapper"
                >
                  <div
                    class="inline-block truncate align-middle"
                  >
                    <span
                      class="sc-AxjAm StDqN text-theme-primary font-semibold text-base"
                      data-testid="address__wallet-address"
                    >
                      AUexKjGtgsSpVz…MM6vJ6znEVTQWK
                    </span>
                  </div>
                </div>
                <div
                  class="mb-1 ml-5 text-theme-primary-300"
                >
                  <div
                    class="sc-AxiKw dzBdqj"
                    height="1em"
                    width="1em"
                  >
                    <svg>
                      copy.svg
                    </svg>
                  </div>
                </div>
              </div>
            </div>
          </div>
        </div>
        <div
          class="flex items-center py-6 border-t border-dashed border-theme-neutral-300 "
        >
          <div
            class="flex-1 space-y-2"
          >
            <div
              class="text-sm font-semibold text-theme-neutral"
            >
              Network
            </div>
            <div
              class="font-semibold"
            >
              <div
                class="inline-block truncate align-middle"
              >
                <span
                  class="text-theme-text max-w-24 flex-auto truncate mt-4 mr-1 font-semibold text-base"
                  data-testid="address__wallet-name"
                >
                  ROBank
                </span>
                <span
                  class="sc-AxjAm StDqN text-theme-neutral-light font-semibold text-base"
                  data-testid="address__wallet-address"
                >
                  AUexKj…EVTQWK
                </span>
              </div>
            </div>
          </div>
          <div
            class="ml-1 text-theme-danger"
          >
            <div
              class="sc-AxirZ cZokSJ bg-theme-background border-theme-danger-light"
            >
              <div
                class="sc-AxiKw dklFyP"
                height="20"
                width="20"
              >
                <svg>
                  ark.svg
                </svg>
              </div>
            </div>
          </div>
        </div>
        <div
          class="flex items-center py-6 border-t border-dashed border-theme-neutral-300 "
        >
          <div
            class="flex-1 space-y-2"
          >
            <div
              class="font-semibold"
            >
              <div
                class="mb-2 text-sm font-semibold text-theme-neutral"
              >
                <span
                  class="mr-1"
                >
                  Sender
                </span>
                <div
                  class="sc-AxhCb jwGgjn"
                  color="warning"
                >
                  <span
                    class="text-sm"
                  >
                    Your address
                  </span>
                </div>
              </div>
              <div
                class="inline-block truncate align-middle"
              >
                <span
                  class="text-theme-text max-w-24 flex-auto truncate mt-4 mr-1 font-semibold text-base"
                  data-testid="address__wallet-name"
                >
                  ROBank
                </span>
                <span
                  class="sc-AxjAm StDqN text-theme-neutral-light font-semibold text-base"
                  data-testid="address__wallet-address"
                >
                  AUexKj…EVTQWK
                </span>
              </div>
            </div>
          </div>
          <div
            class="Avatar__AvatarWrapper-sc-1vsy2s2-0 ikUhMz"
            data-testid="Avatar"
          >
            <div
              class="w-full h-full"
            >
              <img
                alt="AUexKjGtgsSpVzPLs6jNMM6vJ6znEVTQWK"
                src="data:image/svg+xml;utf8,<svg version=\\"1.1\\" xmlns=\\"http://www.w3.org/2000/svg\\" width=\\"100\\" height=\\"100\\" viewBox=\\"0 0 100 100\\"><style>circle{mix-blend-mode:soft-light;}</style><rect fill=\\"rgb(233, 30, 99)\\" width=\\"100\\" height=\\"100\\"/><circle r=\\"55\\" cx=\\"0\\" cy=\\"30\\" fill=\\"rgb(255, 87, 34)\\"/><circle r=\\"45\\" cx=\\"80\\" cy=\\"60\\" fill=\\"rgb(76, 175, 80)\\"/><circle r=\\"35\\" cx=\\"10\\" cy=\\"50\\" fill=\\"rgb(63, 81, 181)\\"/></svg>"
                title="AUexKjGtgsSpVzPLs6jNMM6vJ6znEVTQWK"
              />
            </div>
          </div>
        </div>
        <div />
      </div>
    </div>
  </section>
</DocumentFragment>
`;
