// Jest Snapshot v1, https://goo.gl/fbAQLP

exports[`LineChart should render 1`] = `
<div>
  <div
    class="recharts-responsive-container mb-16"
    id="undefined"
    style="width: 100%; height: 300px;"
  >
    <div
      class="sc-AxirZ fwlMBT text-theme-neutral-300 pb"
      data-testid="line-chart-wrapper"
    >
      <div>
        <div
          class="flex"
        >
          <div
            class="flex justify-end flex-1"
          >
            <div
              class="my-auto ml-3 text-sm text-theme-neutral-600"
            />
          </div>
        </div>
      </div>
      <div
        class="active-dot"
      >
        <svg
          class="text-theme-undefined"
          fill="currentColor"
          height="50"
          stroke="currentColor"
          width="50"
          x="-25"
          y="-25"
        >
          chart-active-dot.svg
        </svg>
      </div>
    </div>
    <div />
  </div>
</div>
`;

exports[`LineChart should render with data 1`] = `
<div>
  <div
    class="recharts-responsive-container mb-16"
    id="undefined"
    style="width: 100%; height: 300px;"
  >
    <div
      class="sc-AxirZ fwlMBT text-theme-neutral-300 pb"
      data-testid="line-chart-wrapper"
    >
      <div>
        <div
          class="flex"
        >
          <div
            class="pt-4 text-sm font-semibold cursor-pointer text-theme-neutral-700"
          >
            <div
              class="flex"
            >
              <div
                class="my-auto"
              >
                Period: 
                22 Jun - 28 Jun
              </div>
              <div
                class="my-auto ml-1"
              >
                <div
                  class="sc-AxjAm cpczEI"
                  height="1em"
                  width="1em"
                >
                  <svg>
                    chevron-down.svg
                  </svg>
                </div>
              </div>
            </div>
          </div>
          <div
            class="flex justify-end flex-1"
          >
            <div
              class="my-auto ml-3 text-sm text-theme-neutral-600"
            >
              22 Jun, 2020
            </div>
            <div
              class="w-32 p-4 pt-4 pr-0 ml-3 text-right"
            >
              <div
                class="mr-2 mb-1 border-2 rounded-full w-2 h-2 inline-block align-middle border-theme-warning-600"
              />
              <div
                class="inline-block text-sm font-semibold text-theme-neutral-700"
              >
                <span>
                  0.26
                   - 
                </span>
                BTC
              </div>
            </div>
          </div>
        </div>
      </div>
      <div
        class="active-dot"
      >
        <svg
          class="text-theme-undefined"
          fill="currentColor"
          height="50"
          stroke="currentColor"
          width="50"
          x="-25"
          y="-25"
        >
          chart-active-dot.svg
        </svg>
      </div>
    </div>
    <div />
  </div>
</div>
`;
