// Jest Snapshot v1, https://goo.gl/fbAQLP

exports[`PluginSpecs should render properly 1`] = `
<DocumentFragment>
  <div
    class="grid grid-cols-5 divide-x divide-gray-400 text-sm mt-5 grid-flow-col border-t border-dashed border-theme-neutral pt-5"
  >
    <div
      class="flex"
    >
      <div
        class="flex flex-col undefined"
      >
        <span
          class="font-bold text-theme-neutral-400"
        >
          Author
        </span>
        <span
          class="font-bold text-theme-neutral-600"
        >
          ARK Ecosystem
        </span>
      </div>
    </div>
    <div
      class="flex px-8"
    >
      <div
        class="flex flex-col undefined"
      >
        <span
          class="font-bold text-theme-neutral-400"
        >
          Category
        </span>
        <span
          class="font-bold text-theme-neutral-600"
        >
          Utility
        </span>
      </div>
    </div>
    <div
      class="flex px-8"
    >
      <div
        class="flex flex-col undefined"
      >
        <span
          class="font-bold text-theme-neutral-400"
        >
          URL
        </span>
        <span
          class="font-bold text-theme-neutral-600"
        >
          github.com
        </span>
      </div>
    </div>
    <div
      class="flex col-span-2 justify-between px-8"
    >
      <div
        class="flex flex-col undefined"
      >
        <span
          class="font-bold text-theme-neutral-400"
        >
          Rating
        </span>
        <span
          class="font-bold text-theme-neutral-600"
        >
          4.6
        </span>
      </div>
      <div
        class="flex flex-col text-right"
      >
        <span
          class="font-bold text-theme-neutral-400"
        >
          Version
        </span>
        <span
          class="font-bold text-theme-neutral-600"
        >
          v.1.3.8
        </span>
      </div>
    </div>
    <div
      class="flex pl-8"
    >
      <div
        class="flex flex-col text-right"
      >
        <span
          class="font-bold text-theme-neutral-400"
        >
          Size
        </span>
        <span
          class="font-bold text-theme-neutral-600"
        >
          4.2 Mb
        </span>
      </div>
    </div>
  </div>
</DocumentFragment>
`;
