// Jest Snapshot v1, https://goo.gl/fbAQLP

exports[`MnemonicList should contain mnemonic words 1`] = `
<DocumentFragment>
  <ul
    class="grid grid-cols-2 md:grid-cols-3 lg:grid-cols-4 row-gap-5 col-gap-3"
  >
    <li
      class="relative px-3 py-3 border rounded border-theme-neutral-light"
      data-testid="MnemonicList__item"
    >
      <span
        class="absolute top-0 left-0 px-1 text-xs font-semibold transform translate-x-2 -translate-y-2 bg-theme-background text-theme-neutral"
      >
        1
      </span>
      <span
        class="font-medium text-theme-neutral-800"
      >
        lorem
      </span>
    </li>
    <li
      class="relative px-3 py-3 border rounded border-theme-neutral-light"
      data-testid="MnemonicList__item"
    >
      <span
        class="absolute top-0 left-0 px-1 text-xs font-semibold transform translate-x-2 -translate-y-2 bg-theme-background text-theme-neutral"
      >
        2
      </span>
      <span
        class="font-medium text-theme-neutral-800"
      >
        ipsum
      </span>
    </li>
    <li
      class="relative px-3 py-3 border rounded border-theme-neutral-light"
      data-testid="MnemonicList__item"
    >
      <span
        class="absolute top-0 left-0 px-1 text-xs font-semibold transform translate-x-2 -translate-y-2 bg-theme-background text-theme-neutral"
      >
        3
      </span>
      <span
        class="font-medium text-theme-neutral-800"
      >
        dolor
      </span>
    </li>
    <li
      class="relative px-3 py-3 border rounded border-theme-neutral-light"
      data-testid="MnemonicList__item"
    >
      <span
        class="absolute top-0 left-0 px-1 text-xs font-semibold transform translate-x-2 -translate-y-2 bg-theme-background text-theme-neutral"
      >
        4
      </span>
      <span
        class="font-medium text-theme-neutral-800"
      >
        sit
      </span>
    </li>
    <li
      class="relative px-3 py-3 border rounded border-theme-neutral-light"
      data-testid="MnemonicList__item"
    >
      <span
        class="absolute top-0 left-0 px-1 text-xs font-semibold transform translate-x-2 -translate-y-2 bg-theme-background text-theme-neutral"
      >
        5
      </span>
      <span
        class="font-medium text-theme-neutral-800"
      >
        amet
      </span>
    </li>
  </ul>
</DocumentFragment>
`;
