// Jest Snapshot v1, https://goo.gl/fbAQLP

exports[`SvgIcon should render 1`] = `<DocumentFragment />`;
