// Jest Snapshot v1, https://goo.gl/fbAQLP

exports[`Input should render a default input 1`] = `
<DocumentFragment>
  <input
    class="sc-AxjAm jCGFzm overflow-hidden w-full bg-theme-background appearance-none rounded border border-theme-neutral-300 text-theme-neutral-900 transition-colors duration-200 px-4 py-3 "
    data-testid="Input"
  />
</DocumentFragment>
`;
