// Jest Snapshot v1, https://goo.gl/fbAQLP

exports[`PluginSpecs should render properly 1`] = `
<DocumentFragment>
  <div
    class="pt-5 mt-5 text-sm border-t border-dashed grid grid-cols-5 divide-x divide-theme-neutral-300 grid-flow-col border-theme-neutral-300"
  >
    <div
      class="flex"
    >
      <div
        class="flex flex-col"
      >
        <span
          class="font-bold text-theme-neutral-400"
        >
          Author
        </span>
        <div
          class="flex items-center"
        >
          <span
            class="font-bold text-theme-neutral-600"
          >
            ARK Ecosystem
          </span>
          <div
            class="ml-3"
          >
            <div
              class="sc-AxjAm cpczEI"
              height="1em"
              width="1em"
            >
              <svg>
                official-ark-plugin.svg
              </svg>
            </div>
          </div>
        </div>
      </div>
    </div>
    <div
      class="flex px-6"
    >
      <div
        class="flex flex-col undefined"
      >
        <span
          class="font-bold text-theme-neutral-400"
        >
          Category
        </span>
        <span
          class="font-bold text-theme-neutral-600"
        >
          Utility
        </span>
      </div>
    </div>
    <div
      class="flex px-6 -ml-5"
    >
      <div
        class="flex flex-col"
      >
        <span
          class="font-bold text-theme-neutral-400"
        >
          URL
        </span>
        <span
          class="font-bold text-theme-primary"
        >
          github.com
        </span>
      </div>
    </div>
    <div
      class="flex col-span-2 justify-between px-6 -ml-8"
    >
      <div
        class="flex flex-col"
      >
        <span
          class="font-bold text-theme-neutral-400"
        >
          Rating
        </span>
        <div
          class="flex items-center"
        >
          <div
            class="pr-1 text-theme-warning-400"
          >
            <div
              class="sc-AxjAm cpczEI"
              height="1em"
              width="1em"
            >
              <svg>
                star.svg
              </svg>
            </div>
          </div>
          <span
            class="font-bold text-theme-neutral-600"
          >
            4.6
          </span>
        </div>
      </div>
      <div
        class="flex flex-col text-right"
      >
        <span
          class="font-bold text-theme-neutral-400"
        >
          Version
        </span>
        <span
          class="font-bold text-theme-neutral-600"
        >
          v.1.3.8
        </span>
      </div>
    </div>
    <div
      class="flex pl-6"
    >
      <div
        class="flex flex-col text-right"
      >
        <span
          class="font-bold text-theme-neutral-400"
        >
          Size
        </span>
        <span
          class="font-bold text-theme-neutral-600"
        >
          4.2 Mb
        </span>
      </div>
    </div>
  </div>
</DocumentFragment>
`;
