// Jest Snapshot v1, https://goo.gl/fbAQLP

exports[`VoteList should render 1`] = `
<DocumentFragment>
  <div
    class="-my-5"
  >
    <div
      class="flex items-center py-4 true "
    >
      <div
        class="flex-1"
      >
        <div
          class="text-sm font-semibold text-theme-neutral-500"
        >
           
        </div>
        <div
          class="mt-2 font-semibold"
        >
          <div
            class="inline-block truncate"
          >
            <span
              class="text-theme-neutral-800 font-semibold max-w-24 flex-auto truncate mt-4 mr-1 text-xl"
              data-testid="address__wallet-name"
            >
              Delegate 1
            </span>
            <span
              class="text-theme-neutral-400 font-semibold text-xl"
              data-testid="address__wallet-address"
            >
              FJKDSA...SJKDFJ
            </span>
          </div>
        </div>
      </div>
      <div
        class="Avatar__AvatarStyled-yiil9n-0 fympLW"
        data-testid="Avatar"
      />
    </div>
    <div
      class="flex items-center py-4 border-t border-dashed border-theme-neutral-300 "
    >
      <div
        class="flex-1"
      >
        <div
          class="text-sm font-semibold text-theme-neutral-500"
        >
           
        </div>
        <div
          class="mt-2 font-semibold"
        >
          <div
            class="inline-block truncate"
          >
            <span
              class="text-theme-neutral-800 font-semibold max-w-24 flex-auto truncate mt-4 mr-1 text-xl"
              data-testid="address__wallet-name"
            >
              Delegate 2
            </span>
            <span
              class="text-theme-neutral-400 font-semibold text-xl"
              data-testid="address__wallet-address"
            >
              AhFJKD...SJKDFJ
            </span>
          </div>
        </div>
      </div>
      <div
        class="Avatar__AvatarStyled-yiil9n-0 fympLW"
        data-testid="Avatar"
      />
    </div>
    <div
      class="flex items-center py-4 border-t border-dashed border-theme-neutral-300 "
    >
      <div
        class="flex-1"
      >
        <div
          class="text-sm font-semibold text-theme-neutral-500"
        >
           
        </div>
        <div
          class="mt-2 font-semibold"
        >
          <div
            class="inline-block truncate"
          >
            <span
              class="text-theme-neutral-800 font-semibold max-w-24 flex-auto truncate mt-4 mr-1 text-xl"
              data-testid="address__wallet-name"
            >
              Delegate 3
            </span>
            <span
              class="text-theme-neutral-400 font-semibold text-xl"
              data-testid="address__wallet-address"
            >
              FAhFJK...SJKDFJ
            </span>
          </div>
        </div>
      </div>
      <div
        class="Avatar__AvatarStyled-yiil9n-0 fympLW"
        data-testid="Avatar"
      />
    </div>
  </div>
</DocumentFragment>
`;

exports[`VoteList should render with empty list 1`] = `
<DocumentFragment>
  <div
    class="-my-5"
  />
</DocumentFragment>
`;
