// Jest Snapshot v1, https://goo.gl/fbAQLP

exports[`SignIn should not render if not open 1`] = `<DocumentFragment />`;

exports[`SignIn should render a modal 1`] = `
<DocumentFragment>
  <div
    class="flex fixed inset-0 z-50 justify-center items-center w-full h-full overflow-overlay"
  >
    <div
      class="fixed z-50 w-full h-full bg-black opacity-50"
      data-testid="modal__overlay"
    />
    <div
      class="Modal__ModalContainer-sc-1pv7yg7-0 kPeakM absolute left-0 right-0 z-50 flex flex-col p-10 mx-auto overflow-hidden rounded-2xl bg-theme-background shadow-2xl "
      data-testid="modal__inner"
    >
      <div
        class="absolute top-0 right-0 z-50 mt-5 mr-5 rounded transition-all duration-100 ease-linear bg-theme-primary-100 hover:bg-theme-primary-300 dark:bg-theme-secondary-800 dark:text-theme-secondary-600 dark:hover:bg-theme-secondary-700 dark:hover:text-theme-secondary-400"
      >
        <button
          class="Button__StyledButton-mdtvtf-0 fHYGyx w-11 h-11"
          data-testid="modal__close-btn"
          type="button"
        >
          <div
            class="flex relative items-center space-x-2"
          >
            <div
              class="sc-bdfBwQ bfBhNR"
              height="14"
              width="14"
            >
              <svg>
                cross-slim.svg
              </svg>
            </div>
          </div>
        </button>
      </div>
      <div
        class="relative"
      >
        <h2
          class="mb-0 text-3xl font-bold"
        >
          Sign In
        </h2>
        <div
          class="flex-1"
        >
          <div
            class="mt-1 text-theme-secondary-text whitespace-pre-line"
          >
            Sign in to access your profile.
          </div>
          <div
            class="mt-8"
          >
            <div
              class="flex items-center space-x-3"
            >
              <div
                class="Avatar__AvatarWrapper-sc-1vsy2s2-0 gyYbkb"
                data-testid="ProfileAvatar__svg"
              >
                <img
                  alt="Jane Doe"
                  src="data:image/svg+xml;utf8,<svg version=\\"1.1\\" xmlns=\\"http://www.w3.org/2000/svg\\" class=\\"picasso\\" width=\\"100\\" height=\\"100\\" viewBox=\\"0 0 100 100\\"><style>.picasso circle{mix-blend-mode:soft-light;}</style><rect fill=\\"rgb(0, 150, 136)\\" width=\\"100\\" height=\\"100\\"/><circle r=\\"55\\" cx=\\"20\\" cy=\\"60\\" fill=\\"rgb(233, 30, 99)\\"/><circle r=\\"60\\" cx=\\"50\\" cy=\\"70\\" fill=\\"rgb(255, 193, 7)\\"/><circle r=\\"45\\" cx=\\"30\\" cy=\\"30\\" fill=\\"rgb(63, 81, 181)\\"/></svg>"
                  title="Jane Doe"
                />
                <span
                  class="absolute font-semibold text-white"
                >
                  JA
                </span>
              </div>
              <div
                class="flex flex-col"
              >
                <p
                  class="text-sm font-semibold text-theme-secondary-700"
                >
                  Name
                </p>
                <p
                  class="font-semibold text-theme-text"
                  data-testid="profile-card__user--name"
                >
                  <span>
                    Jane Doe
                  </span>
                </p>
              </div>
            </div>
          </div>
          <div
            class="Divider-sc-19q4mlo-0 bKsVMa border-theme-secondary-300 dark:border-theme-secondary-800"
            type="horizontal"
          />
          <form
            class="mt-8"
            data-testid="Form"
          >
            <fieldset
              class="FormField__FormFieldStyled-yeauwd-0 cnlnjc flex flex-col space-y-2"
            >
              <label
                class="inline-block flex mb-2 text-sm font-semibold transition-colors duration-100 FormLabel text-theme-secondary-700"
                data-testid="FormLabel"
                for="password"
              >
                Password
                <div
                  class="mt-1 ml-1 w-1 h-1 rounded-full bg-theme-danger-400"
                  data-testid="FormLabel__required"
                />
              </label>
              <div
                class="InputGroup__InputGroupStyle-sc-1obbdqe-3 iqafwD max-w-20"
                data-testid="InputPassword"
              >
                <input
                  class="Input__InputStyled-wu99qs-0 eVdxgh overflow-hidden w-full bg-theme-background appearance-none rounded border border-theme-secondary-400 dark:border-theme-secondary-700 text-theme-text transition-colors duration-200 px-4 py-3 no-ligatures pr-12"
                  data-testid="SignIn__input--password"
                  name="password"
                  type="password"
                />
                <div
                  class="InputGroup__InputAddonStyle-sc-1obbdqe-0 InputGroup__InputAddonEndStyle-sc-1obbdqe-2 epSJiV bWrKSO my-px mr-4"
                >
                  <button
                    class="flex justify-center items-center w-full h-full text-2xl focus:outline-none text-theme-primary-300 dark:text-theme-secondary-600"
                    data-testid="InputPassword__toggle"
                    type="button"
                  >
                    <div
                      class="sc-bdfBwQ fPrsah"
                      height="1em"
                      width="1em"
                    >
                      <svg>
                        eye.svg
                      </svg>
                    </div>
                  </button>
                </div>
              </div>
            </fieldset>
            <div
              class="flex justify-end mt-8 space-x-3"
            >
              <button
                class="Button__StyledButton-mdtvtf-0 iUSBMV"
                data-testid="SignIn__cancel-button"
                type="button"
              >
                <div
                  class="flex relative items-center space-x-2"
                >
                  Cancel
                </div>
              </button>
              <button
                class="Button__StyledButton-mdtvtf-0 kwcZQn"
                data-testid="SignIn__submit-button"
                disabled=""
                type="submit"
              >
                <div
                  class="flex relative items-center space-x-2"
                >
                  Sign In
                </div>
              </button>
            </div>
          </form>
        </div>
      </div>
    </div>
  </div>
</DocumentFragment>
`;
