// Jest Snapshot v1, https://goo.gl/fbAQLP

exports[`FormLabel should render with name from context 1`] = `
<DocumentFragment>
  <label
    class="FormLabel transition-colors duration-100 inline-block text-sm font-semibold text-theme-neutral-dark pb-2"
    data-testid="FormLabel"
    for="test"
    label="Test Label"
  >
    Test Label
  </label>
</DocumentFragment>
`;
