// Jest Snapshot v1, https://goo.gl/fbAQLP

exports[`UpdateRegistration should render 1st step 1`] = `[Function]`;

exports[`UpdateRegistration should render 2nd step 1`] = `[Function]`;

exports[`UpdateRegistration should render 3rd step 1`] = `[Function]`;

exports[`UpdateRegistration should render 4th step 1`] = `[Function]`;

exports[`UpdateRegistration should should go back 1`] = `[Function]`;

exports[`UpdateRegistration should submit 1`] = `[Function]`;
