// Jest Snapshot v1, https://goo.gl/fbAQLP

exports[`Registration should render 1st step 1`] = `[Function]`;

exports[`Registration should render 2nd step 1`] = `[Function]`;

exports[`Registration should render 3rd step 1`] = `[Function]`;

exports[`Registration should render 4th step 1`] = `[Function]`;

exports[`Registration should render 5th step 1`] = `[Function]`;

exports[`Registration should select registration type 1`] = `[Function]`;

exports[`Registration should should go back 1`] = `[Function]`;

exports[`Registration should submit 1`] = `[Function]`;
