// Jest Snapshot v1, https://goo.gl/fbAQLP

exports[`Application root should render without crashing 1`] = `
[MockFunction] {
  "calls": Array [
    Array [
      <HashRouter>
        <withRouter() />
      </HashRouter>,
      <div
        id="root"
      />,
    ],
  ],
  "results": Array [
    Object {
      "type": "return",
      "value": undefined,
    },
  ],
}
`;
