// Jest Snapshot v1, https://goo.gl/fbAQLP

exports[`PeerListItem should render 1`] = `
<div>
  <table>
    <tbody>
      <tr
        class="border-b border-theme-neutral-200"
      >
        <td
          class="inline-flex items-center py-4 mt-1"
        >
          <div
            class="sc-AxjAm bLfakz"
          >
            <div
              class="sc-AxirZ iQaTP"
              height="1em"
              width="1em"
            >
              <svg>
                btc.svg
              </svg>
            </div>
          </div>
          <span
            class="ml-2"
          >
            BITCOIN
          </span>
        </td>
        <td
          class="py-1"
        >
          <span />
        </td>
        <td
          class="py-1"
        >
          <span />
        </td>
        <td
          class="py-1 text-theme-neutral"
        >
          <div
            class="flex justify-center h-full"
          >
            <div
              class="sc-AxirZ iQaTP"
              height="1em"
              width="1em"
            />
          </div>
        </td>
        <td
          class="text-theme-neutral-300"
        >
          0
        </td>
      </tr>
    </tbody>
  </table>
</div>
`;
