// Jest Snapshot v1, https://goo.gl/fbAQLP

exports[`TransactionDetail should render 1`] = `
<div>
  <div
    class="flex items-center py-6 border-t border-dashed border-theme-neutral-300 "
  >
    <div
      class="flex-1 space-y-2"
    >
      <div
        class="text-sm font-semibold text-theme-neutral"
      >
        Test
      </div>
      <div
        class="font-semibold"
      >
        test
      </div>
    </div>
  </div>
</div>
`;

exports[`TransactionDetail should render with extra children 1`] = `
<div>
  <div
    class="flex items-center true border-t border-dashed border-theme-neutral-300 "
  >
    <div
      class="flex-1 space-y-2"
    >
      <div
        class="text-sm font-semibold text-theme-neutral"
      >
        Test
      </div>
      <div
        class="font-semibold"
      >
        test
      </div>
    </div>
    <div
      data-testid="TEST_CHILD"
    />
  </div>
</div>
`;

exports[`TransactionDetail should render without border 1`] = `
<div>
  <div
    class="flex items-center py-6 true "
  >
    <div
      class="flex-1 space-y-2"
    >
      <div
        class="text-sm font-semibold text-theme-neutral"
      >
        Test
      </div>
      <div
        class="font-semibold"
      >
        test
      </div>
    </div>
  </div>
</div>
`;

exports[`TransactionDetail should render without padding 1`] = `
<div>
  <div
    class="flex items-center true border-t border-dashed border-theme-neutral-300 "
  >
    <div
      class="flex-1 space-y-2"
    >
      <div
        class="text-sm font-semibold text-theme-neutral"
      >
        Test
      </div>
      <div
        class="font-semibold"
      >
        test
      </div>
    </div>
  </div>
</div>
`;
